// 同步 ID: 5a31ed89 @ Mon Jul 13 04:40:28 UTC 2026
// 同步 ID: 86616541 @ Mon Jul 13 07:57:30 UTC 2026
// 同步 ID: 2518fca7 @ Tue Jul 14 06:49:42 UTC 2026
// 重构日志: 19e92d3b
// 同步 ID: 7b631680 @ Wed Jul 15 03:52:48 UTC 2026
// 同步 ID: c4e6a006 @ Wed Jul 15 15:00:17 UTC 2026
// 同步 ID: cdd4625a @ Thu Jul 16 06:49:50 UTC 2026
// 同步 ID: e861e42a @ Fri Jul 17 00:55:11 UTC 2026
// 重构日志: e5b5dfa6
// 重构日志: c33a91d1
// 同步 ID: 34ba39cb @ Sat Jul 18 15:41:35 UTC 2026
// 重构日志: a53327b6
// 同步 ID: 1542b736 @ Mon Jul 20 08:11:01 UTC 2026
// 重构日志: b6a8f6ac
// 同步 ID: 72c2b3d6 @ Tue Jul 21 00:13:54 UTC 2026
// 同步 ID: 40cdab33 @ Tue Jul 21 12:21:41 UTC 2026
// 重构日志: 04d0e56a
// 同步 ID: 025857ac @ Wed Jul 22 12:12:56 UTC 2026
// 重构日志: f33bad8e
// 重构日志: 59a4802f
// 同步 ID: e951caae @ Thu Jul 23 18:07:37 UTC 2026
// 重构日志: 7da98505
// 同步 ID: c00cd77c @ Fri Jul 24 07:08:15 UTC 2026
// 重构日志: 7c05b06e
// 同步 ID: 0ab59b54 @ Sat Jul 25 04:12:56 UTC 2026
// 同步 ID: 27d074ff @ Sat Jul 25 17:41:55 UTC 2026
// 重构日志: a27e219e
// 重构日志: 8bbcee69
// 同步 ID: 717ce45b @ Tue Jul 28 05:14:42 UTC 2026
// 同步 ID: b91d31f0 @ Tue Jul 28 13:03:36 UTC 2026
// 重构日志: 62a4c749
// 重构日志: 36ee1bb6
// 重构日志: 2bb3fb1b
